2025-05-04 23:46:08,596 — __main__: (ERROR) This is a test log
2025-05-04 23:47:47,903 — hello: (ERROR) This is a test log
2025-05-04 23:51:48,091 — __main__: (INFO) Starting chatbot...
2025-05-04 23:52:40,061 — __main__: (INFO) Starting chatbot...
2025-05-04 23:55:18,732 — __main__: (INFO) Starting chatbot...
2025-05-04 23:55:18,795 — src.chat: (INFO) testing
2025-05-04 23:57:21,614 — __main__: (ERROR) This is a test log
2025-05-04 23:58:07,940 — __main__: (INFO) Starting chatbot...
2025-05-05 00:00:11,363 — __main__: (INFO) Starting chatbot...
2025-05-05 00:03:24,823 — __main__: (INFO) Starting chatbot...
2025-05-05 00:04:48,831 — __main__: (INFO) Starting chatbot...
2025-05-05 00:05:15,824 — __main__: (INFO) Starting chatbot...
2025-05-05 00:06:02,659 — __main__: (INFO) Starting chatbot...
2025-05-05 00:06:33,817 — __main__: (INFO) Starting chatbot...
2025-05-05 00:08:04,485 — __main__: (INFO) Starting chatbot...
2025-05-05 00:08:40,091 — __main__: (INFO) Starting chatbot...
2025-05-05 00:09:27,141 — main.py: (INFO) Starting chatbot...
(INFO) 2025-05-05 00:10:16,713 — main.py: Starting chatbot...
2025-05-05 00:12:14,653: main.py -> (INFO) Starting chatbot...
2025-05-05 00:13:28,493 INFO: main.py -> Starting chatbot...
2025-05-05 00:15:47,551 INFO: main.py -> Starting chatbot...
2025-05-05 00:15:47,643 INFO: response_generator.py -> Model and Tokenizer load success.
2025-05-05 00:25:04,993 ERROR: main.py -> Model not found in /Users/bradychin/Library/Mobile Documents/com~apple~CloudDocs/Software Development/chatbot/src/../models/model. Starting training...
2025-05-05 00:25:05,784 INFO: data_processor.py -> Loading data from /Users/bradychin/Library/Mobile Documents/com~apple~CloudDocs/Software Development/chatbot/src/../data/personachat_full.csv
2025-05-05 00:25:07,853 INFO: data_processor.py -> Created 666833 training examples.
2025-05-05 00:25:07,854 INFO: data_processor.py -> Created 666833 dialog paris.
2025-05-05 00:25:07,875 INFO: data_processor.py -> Training dataset: 533467 dialog pairs.
2025-05-05 00:25:07,875 INFO: data_processor.py -> Validation dataset: 133366 dialog pairs.

2025-05-05 00:25:09,251 INFO: model_trainer.py -> Using device: cpu

2025-05-05 00:25:25,977 INFO: model_trainer.py -> Epoch: 0, Batch 0, Loss: 13.769868850708008
2025-05-05 00:27:26,709 ERROR: main.py -> Model not found in /Users/bradychin/Library/Mobile Documents/com~apple~CloudDocs/Software Development/chatbot/src/../models/model. Starting training...
2025-05-05 00:27:27,050 INFO: data_processor.py -> Loading data from /Users/bradychin/Library/Mobile Documents/com~apple~CloudDocs/Software Development/chatbot/src/../data/personachat_full.csv
2025-05-05 00:27:28,993 INFO: data_processor.py -> Created 666833 training examples.
2025-05-05 00:27:28,995 INFO: data_processor.py -> Created 666833 dialog paris.
2025-05-05 00:27:29,011 INFO: data_processor.py -> Training dataset: 533467 dialog pairs.
2025-05-05 00:27:29,011 INFO: data_processor.py -> Validation dataset: 133366 dialog pairs.

2025-05-05 00:27:30,328 INFO: model_trainer.py -> Using device: cpu

2025-05-05 00:52:00,112 ERROR: main.py -> Model not found in /Users/bradychin/Library/Mobile Documents/com~apple~CloudDocs/Software Development/chatbot/src/../models/model. Starting training...
2025-05-05 00:52:00,329 INFO: data_processor.py -> Loading data from /Users/bradychin/Library/Mobile Documents/com~apple~CloudDocs/Software Development/chatbot/src/../data/personachat_full.csv
2025-05-05 00:52:03,352 INFO: data_processor.py -> Created 666833 training examples.
2025-05-05 00:52:03,353 INFO: data_processor.py -> Created 666833 dialog paris.
2025-05-05 00:52:03,373 INFO: data_processor.py -> Training dataset: 533467 dialog pairs.
2025-05-05 00:52:03,373 INFO: data_processor.py -> Validation dataset: 133366 dialog pairs.

2025-05-05 00:52:04,551 INFO: model_trainer.py -> Using device: cpu

2025-05-05 07:43:58,903 ERROR: model_trainer.py -> Error in training batch 9750: Error while serializing: IoError(Os { code: 28, kind: StorageFull, message: "No space left on device" })
2025-05-05 08:36:27,966 ERROR: model_trainer.py -> Error in training batch 11000: Error while serializing: IoError(Os { code: 28, kind: StorageFull, message: "No space left on device" })
2025-05-05 15:04:02,669 INFO: main.py -> Starting chatbot...
2025-05-05 15:04:15,765 ERROR: response_generator.py -> Failed to load Model or Tokenizer: Error while deserializing header: MetadataIncompleteBuffer
2025-05-05 15:05:47,895 INFO: main.py -> Starting chatbot...
2025-05-05 15:06:09,452 INFO: response_generator.py -> Model and Tokenizer load success.
2025-05-05 15:06:59,430 INFO: main.py -> Starting chatbot...
2025-05-05 15:07:20,950 INFO: response_generator.py -> Model and Tokenizer load success.
2025-05-05 15:08:17,602 INFO: main.py -> Starting chatbot...
2025-05-05 15:08:37,749 INFO: response_generator.py -> Model and Tokenizer load success.
2025-05-05 15:09:35,177 ERROR: main.py -> Model not found in /Users/bradychin/Library/Mobile Documents/com~apple~CloudDocs/Software Development/chatbot/src/../models/model. Starting training...
2025-05-05 15:09:35,659 INFO: data_processor.py -> Loading data from /Users/bradychin/Library/Mobile Documents/com~apple~CloudDocs/Software Development/chatbot/src/../data/personachat.csv
2025-05-05 15:09:37,289 INFO: data_processor.py -> Created 80543 training examples.
2025-05-05 15:09:37,290 INFO: data_processor.py -> Created 80543 dialog paris.
2025-05-05 15:09:37,292 INFO: data_processor.py -> Training dataset: 64435 dialog pairs.
2025-05-05 15:09:37,292 INFO: data_processor.py -> Validation dataset: 16108 dialog pairs.

2025-05-05 15:09:39,079 INFO: model_trainer.py -> Using device: cpu

2025-05-05 16:22:42,251 INFO: response_generator.py -> Model and Tokenizer load success.
2025-05-05 18:59:22,410 INFO: main.py -> Starting chatbot...
2025-05-05 18:59:22,522 INFO: response_generator.py -> Model and Tokenizer load success.
2025-05-05 19:21:43,244 ERROR: main.py -> Model not found in /Users/bradychin/Library/Mobile Documents/com~apple~CloudDocs/Software Development/chatbot/src/../models/checkpoints/checkpdoint_epoch_0_batch_2000_lr2e-5. Starting training...
2025-05-05 19:21:43,864 INFO: data_processor.py -> Loading data from /Users/bradychin/Library/Mobile Documents/com~apple~CloudDocs/Software Development/chatbot/src/../data/personachat.csv
2025-05-05 19:21:44,014 INFO: data_processor.py -> Created 10036 training examples.
2025-05-05 19:21:44,015 INFO: data_processor.py -> Created 10036 dialog paris.
2025-05-05 19:21:44,018 INFO: data_processor.py -> Training dataset: 8029 dialog pairs.
2025-05-05 19:21:44,018 INFO: data_processor.py -> Validation dataset: 2007 dialog pairs.

2025-05-05 19:21:45,385 INFO: model_trainer.py -> Using device: cpu

2025-05-05 19:22:03,751 INFO: model_trainer.py -> Epoch: 0, Batch 0, Loss: 13.080790519714355
2025-05-05 19:42:44,097 ERROR: main.py -> Model not found in /Users/bradychin/Library/Mobile Documents/com~apple~CloudDocs/Software Development/chatbot/src/../models/model. Starting training...
2025-05-05 19:42:44,572 INFO: data_processor.py -> Loading data from /Users/bradychin/Library/Mobile Documents/com~apple~CloudDocs/Software Development/chatbot/src/../data/personachat.csv
2025-05-05 19:42:44,582 ERROR: model_trainer.py -> Training failed: 'DataProcessor' object has no attribute 'preprocess_lines'
2025-05-05 19:42:44,585 INFO: main.py -> Starting chatbot...
2025-05-05 19:42:44,585 ERROR: response_generator.py -> Failed to load Model or Tokenizer: Repo id must be in the form 'repo_name' or 'namespace/repo_name': '/Users/bradychin/Library/Mobile Documents/com~apple~CloudDocs/Software Development/chatbot/src/../models/model'. Use `repo_type` argument if needed.
2025-05-05 19:45:28,699 ERROR: main.py -> Model not found in /Users/bradychin/Library/Mobile Documents/com~apple~CloudDocs/Software Development/chatbot/src/../models/model. Starting training...
2025-05-05 19:45:29,173 INFO: data_processor.py -> Loading data from /Users/bradychin/Library/Mobile Documents/com~apple~CloudDocs/Software Development/chatbot/src/../data/personachat.csv
2025-05-05 19:45:29,188 ERROR: model_trainer.py -> Training failed: preprocess_text() missing 1 required positional argument: 'text'
2025-05-05 19:45:29,191 INFO: main.py -> Starting chatbot...
2025-05-05 19:45:29,191 ERROR: response_generator.py -> Failed to load Model or Tokenizer: Repo id must be in the form 'repo_name' or 'namespace/repo_name': '/Users/bradychin/Library/Mobile Documents/com~apple~CloudDocs/Software Development/chatbot/src/../models/model'. Use `repo_type` argument if needed.
2025-05-05 19:45:57,995 ERROR: main.py -> Model not found in /Users/bradychin/Library/Mobile Documents/com~apple~CloudDocs/Software Development/chatbot/src/../models/model. Starting training...
2025-05-05 19:45:58,324 INFO: data_processor.py -> Loading data from /Users/bradychin/Library/Mobile Documents/com~apple~CloudDocs/Software Development/chatbot/src/../data/personachat.csv
2025-05-05 19:45:58,337 ERROR: model_trainer.py -> Training failed: 'DataProcessor' object has no attribute 'preprocess_lines'
2025-05-05 19:45:58,340 INFO: main.py -> Starting chatbot...
2025-05-05 19:45:58,340 ERROR: response_generator.py -> Failed to load Model or Tokenizer: Repo id must be in the form 'repo_name' or 'namespace/repo_name': '/Users/bradychin/Library/Mobile Documents/com~apple~CloudDocs/Software Development/chatbot/src/../models/model'. Use `repo_type` argument if needed.
2025-05-05 19:46:27,829 ERROR: main.py -> Model not found in /Users/bradychin/Library/Mobile Documents/com~apple~CloudDocs/Software Development/chatbot/src/../models/model. Starting training...
2025-05-05 19:46:28,221 INFO: data_processor.py -> Loading data from /Users/bradychin/Library/Mobile Documents/com~apple~CloudDocs/Software Development/chatbot/src/../data/personachat.csv
2025-05-05 19:46:28,374 INFO: data_processor.py -> Created 10036 training examples.
2025-05-05 19:46:28,374 INFO: data_processor.py -> Created 10036 dialog paris.
2025-05-05 19:46:28,377 INFO: data_processor.py -> Training dataset: 8029 dialog pairs.
2025-05-05 19:46:28,377 INFO: data_processor.py -> Validation dataset: 2007 dialog pairs.

2025-05-05 19:46:29,687 INFO: model_trainer.py -> Using device: cpu

2025-05-05 19:46:48,761 ERROR: main.py -> Model not found in /Users/bradychin/Library/Mobile Documents/com~apple~CloudDocs/Software Development/chatbot/src/../models/model. Starting training...
2025-05-05 19:46:49,197 INFO: data_processor.py -> Loading data from /Users/bradychin/Library/Mobile Documents/com~apple~CloudDocs/Software Development/chatbot/src/../data/personachat.csv
2025-05-05 19:46:49,347 INFO: data_processor.py -> Created 10036 training examples.
2025-05-05 19:46:49,347 INFO: data_processor.py -> Created 10036 dialog paris.
2025-05-05 19:46:49,348 INFO: data_processor.py -> Training dataset: 8029 dialog pairs.
2025-05-05 19:46:49,348 INFO: data_processor.py -> Validation dataset: 2007 dialog pairs.

2025-05-05 19:46:50,609 INFO: model_trainer.py -> Using device: cpu

2025-05-05 20:27:23,017 INFO: model_trainer.py -> Epoch: 0 Completed. Average Loss: 4.763716849094012
2025-05-05 20:30:26,510 INFO: model_trainer.py -> Epoch: 0 Validation Loss: 1.060084108337463
2025-05-05 20:58:15,846 ERROR: main.py -> Model not found in /Users/bradychin/Library/Mobile Documents/com~apple~CloudDocs/Software Development/chatbot/src/../models/checkpoint_epoch_0_batch_2000. Starting training...
2025-05-05 20:58:16,172 INFO: data_processor.py -> Loading data from /Users/bradychin/Library/Mobile Documents/com~apple~CloudDocs/Software Development/chatbot/src/../data/personachat.csv
2025-05-05 20:58:16,323 INFO: data_processor.py -> Created 10036 training examples.
2025-05-05 20:58:16,323 INFO: data_processor.py -> Created 10036 dialog paris.
2025-05-05 20:58:16,326 INFO: data_processor.py -> Training dataset: 8029 dialog pairs.
2025-05-05 20:58:16,326 INFO: data_processor.py -> Validation dataset: 2007 dialog pairs.

2025-05-05 20:58:18,498 INFO: model_trainer.py -> Using device: cpu

2025-05-05 20:58:43,175 INFO: main.py -> Starting chatbot...
2025-05-05 20:58:43,254 INFO: response_generator.py -> Model and Tokenizer load success.
2025-05-08 13:27:44,322 ERROR: main.py -> Model not found in /Users/bradychin/Library/Mobile Documents/com~apple~CloudDocs/Software Development/chatbot/src/../models/checkpoints/checkpoint_epoch_0_batch_2000. Starting training...
2025-05-08 13:27:44,662 INFO: data_processor.py -> Loading data from /Users/bradychin/Library/Mobile Documents/com~apple~CloudDocs/Software Development/chatbot/src/../data/personachat.csv
2025-05-08 13:27:44,824 INFO: data_processor.py -> Created 10036 training examples.
2025-05-08 13:27:44,825 INFO: data_processor.py -> Created 10036 dialog paris.
2025-05-08 13:27:44,825 INFO: data_processor.py -> Training dataset: 8029 dialog pairs.
2025-05-08 13:27:44,825 INFO: data_processor.py -> Validation dataset: 2007 dialog pairs.

2025-05-08 13:27:46,345 INFO: model_trainer.py -> Using device: cpu

2025-05-10 19:43:14,475 ERROR: main.py -> Model not found in /Users/bradychin/Projects/chatbot/src/../models/checkpoints/checkpoint_epoch_0_batch_2000. Starting training...
2025-05-10 19:43:14,829 INFO: data_processor.py -> Loading data from /Users/bradychin/Projects/chatbot/src/../data/personachat.csv
2025-05-10 19:43:14,978 INFO: data_processor.py -> Created 10036 training examples.
2025-05-10 19:43:14,979 INFO: data_processor.py -> Created 10036 dialog paris.
2025-05-10 19:43:14,979 INFO: data_processor.py -> Training dataset: 8029 dialog pairs.
2025-05-10 19:43:14,979 INFO: data_processor.py -> Validation dataset: 2007 dialog pairs.

2025-05-10 19:43:16,124 INFO: model_trainer.py -> Using device: cpu

2025-05-10 19:44:19,082 INFO: main.py -> Starting chatbot...
2025-05-10 19:44:19,148 INFO: response_generator.py -> Model and Tokenizer load success.
2025-05-10 21:08:46,655 INFO: main.py -> Starting chatbot...
2025-05-10 21:08:46,727 INFO: response_generator.py -> Model and Tokenizer load success.
2025-05-10 21:09:38,419 INFO: chat.py -> Stopping chatbot...
2025-05-10 21:25:38,149 INFO: main.py -> Starting chatbot...
2025-05-10 21:25:38,233 INFO: response_generator.py -> Model and Tokenizer load success.
2025-05-10 23:19:26,772 INFO: main.py -> Starting chatbot...
2025-05-10 23:19:26,858 INFO: response_generator.py -> Model and Tokenizer load success.
2025-05-10 23:19:33,350 INFO: main.py -> Starting chatbot...
2025-05-10 23:19:33,405 INFO: response_generator.py -> Model and Tokenizer load success.
2025-05-10 23:19:40,921 INFO: main.py -> Starting chatbot...
2025-05-10 23:19:40,974 INFO: response_generator.py -> Model and Tokenizer load success.
2025-05-10 23:19:53,160 INFO: main.py -> Starting chatbot...
2025-05-10 23:19:53,213 INFO: response_generator.py -> Model and Tokenizer load success.
2025-05-10 23:20:07,303 INFO: main.py -> Starting chatbot...
2025-05-10 23:20:07,360 INFO: response_generator.py -> Model and Tokenizer load success.
2025-05-10 23:20:35,866 INFO: main.py -> Starting chatbot...
2025-05-10 23:20:35,939 INFO: response_generator.py -> Model and Tokenizer load success.
2025-05-10 23:20:40,829 INFO: main.py -> Starting chatbot...
2025-05-10 23:20:40,888 INFO: response_generator.py -> Model and Tokenizer load success.
2025-05-10 23:20:44,302 INFO: main.py -> Starting chatbot...
2025-05-10 23:20:44,363 INFO: response_generator.py -> Model and Tokenizer load success.
2025-05-10 23:20:47,778 INFO: main.py -> Starting chatbot...
2025-05-10 23:20:47,845 INFO: response_generator.py -> Model and Tokenizer load success.
2025-05-10 23:20:52,604 INFO: main.py -> Starting chatbot...
2025-05-10 23:20:52,665 INFO: response_generator.py -> Model and Tokenizer load success.
2025-05-10 23:21:10,468 INFO: main.py -> Starting chatbot...
2025-05-10 23:21:10,546 INFO: response_generator.py -> Model and Tokenizer load success.
2025-05-10 23:21:28,244 INFO: main.py -> Starting chatbot...
2025-05-10 23:21:28,320 INFO: response_generator.py -> Model and Tokenizer load success.
2025-05-10 23:21:40,490 INFO: main.py -> Starting chatbot...
2025-05-10 23:21:40,568 INFO: response_generator.py -> Model and Tokenizer load success.
2025-05-10 23:21:44,980 INFO: main.py -> Starting chatbot...
2025-05-10 23:21:45,054 INFO: response_generator.py -> Model and Tokenizer load success.
2025-05-10 23:21:48,101 INFO: main.py -> Starting chatbot...
2025-05-10 23:21:48,175 INFO: response_generator.py -> Model and Tokenizer load success.
2025-05-10 23:30:34,586 INFO: chat.py -> Stopping chatbot...
2025-05-17 21:55:24,139 INFO: main.py -> Starting chatbot...
2025-05-17 21:55:24,141 ERROR: response_generator.py -> Failed to load Model or Tokenizer: Error no file named pytorch_model.bin, model.safetensors, tf_model.h5, model.ckpt.index or flax_model.msgpack found in directory /Users/bradychin/Projects/chatbot/src/../models/model.
2025-05-17 21:57:51,824 INFO: main.py -> Starting chatbot...
2025-05-17 21:57:51,825 ERROR: response_generator.py -> Failed to load Model or Tokenizer: Error no file named pytorch_model.bin, model.safetensors, tf_model.h5, model.ckpt.index or flax_model.msgpack found in directory /Users/bradychin/Projects/chatbot.
2025-05-17 21:59:03,438 INFO: main.py -> Starting chatbot...
2025-05-17 21:59:03,439 ERROR: response_generator.py -> Failed to load Model or Tokenizer: Error no file named pytorch_model.bin, model.safetensors, tf_model.h5, model.ckpt.index or flax_model.msgpack found in directory /Users/bradychin/Projects/chatbot/models/model.
2025-05-17 22:05:51,585 INFO: main.py -> Starting chatbot...
2025-05-17 22:05:51,586 ERROR: response_generator.py -> Failed to load Model or Tokenizer: Error no file named pytorch_model.bin, model.safetensors, tf_model.h5, model.ckpt.index or flax_model.msgpack found in directory /Users/bradychin/Projects/chatbot/src/../models/model.
2025-05-17 22:07:39,419 INFO: main.py -> Starting chatbot...
2025-05-17 22:07:39,420 ERROR: response_generator.py -> Failed to load Model or Tokenizer: Error no file named pytorch_model.bin, model.safetensors, tf_model.h5, model.ckpt.index or flax_model.msgpack found in directory /Users/bradychin/Projects/chatbot/src/../models/model.
2025-05-17 22:08:39,295 INFO: data_processor.py -> Loading data from /Users/bradychin/Projects/chatbot/src/../data/personachat_full.csv
2025-05-17 22:08:40,472 INFO: data_processor.py -> Created 83383 training examples.
2025-05-17 22:08:40,473 INFO: data_processor.py -> Created 83383 dialog paris.
2025-05-17 22:08:40,478 INFO: data_processor.py -> Training dataset: 66707 dialog pairs.
2025-05-17 22:08:40,478 INFO: data_processor.py -> Validation dataset: 16676 dialog pairs.

2025-05-17 22:08:41,625 INFO: model_trainer.py -> Using device: cpu

2025-05-17 22:14:36,415 ERROR: main.py -> Model not found in /Users/bradychin/Projects/chatbot/../models/model. Starting training...
2025-05-17 22:14:36,971 INFO: data_processor.py -> Loading data from /Users/bradychin/Projects/chatbot/src/../data/personachat_full.csv
2025-05-17 22:14:38,176 INFO: data_processor.py -> Created 83383 training examples.
2025-05-17 22:14:38,177 INFO: data_processor.py -> Created 83383 dialog paris.
2025-05-17 22:14:38,181 INFO: data_processor.py -> Training dataset: 66707 dialog pairs.
2025-05-17 22:14:38,181 INFO: data_processor.py -> Validation dataset: 16676 dialog pairs.

2025-05-17 22:14:39,365 INFO: model_trainer.py -> Using device: cpu

2025-05-17 22:14:53,418 INFO: data_processor.py -> Loading data from /Users/bradychin/Projects/chatbot/src/../data/personachat_full.csv
2025-05-17 22:14:54,595 INFO: data_processor.py -> Created 83383 training examples.
2025-05-17 22:14:54,596 INFO: data_processor.py -> Created 83383 dialog paris.
2025-05-17 22:14:54,598 INFO: data_processor.py -> Training dataset: 66707 dialog pairs.
2025-05-17 22:14:54,598 INFO: data_processor.py -> Validation dataset: 16676 dialog pairs.

2025-05-17 22:14:55,370 INFO: model_trainer.py -> Using device: cpu

2025-05-17 22:15:13,897 INFO: main.py -> Starting chatbot...
2025-05-17 22:15:13,898 ERROR: response_generator.py -> Failed to load Model or Tokenizer: Error no file named pytorch_model.bin, model.safetensors, tf_model.h5, model.ckpt.index or flax_model.msgpack found in directory /Users/bradychin/Projects/chatbot/models/model.
2025-05-17 22:20:54,351 ERROR: response_generator.py -> Failed to load Model or Tokenizer: Error no file named pytorch_model.bin, model.safetensors, tf_model.h5, model.ckpt.index or flax_model.msgpack found in directory /Users/bradychin/Projects/chatbot/models/model.
2025-05-17 22:43:21,353 ERROR: response_generator.py -> Failed to load Model or Tokenizer: Error no file named pytorch_model.bin, model.safetensors, tf_model.h5, model.ckpt.index or flax_model.msgpack found in directory /Users/bradychin/Projects/chatbot/models/model.
2025-05-17 23:05:15,057 INFO: main.py -> Starting chatbot...
2025-05-17 23:05:15,058 ERROR: response_generator.py -> Failed to load Model or Tokenizer: Error no file named pytorch_model.bin, model.safetensors, tf_model.h5, model.ckpt.index or flax_model.msgpack found in directory /Users/bradychin/Projects/chatbot/models/model.
2025-05-17 23:05:31,317 ERROR: main.py -> Model not found in /Users/bradychin/Projects/chatbot/models/model. Starting training...
2025-05-17 23:05:31,616 INFO: data_processor.py -> Loading data from /Users/bradychin/Projects/chatbot/src/../data/personachat_full.csv
2025-05-17 23:05:32,802 INFO: data_processor.py -> Created 83383 training examples.
2025-05-17 23:05:32,803 INFO: data_processor.py -> Created 83383 dialog paris.
2025-05-17 23:05:32,809 INFO: data_processor.py -> Training dataset: 66707 dialog pairs.
2025-05-17 23:05:32,809 INFO: data_processor.py -> Validation dataset: 16676 dialog pairs.

2025-05-17 23:05:33,952 INFO: model_trainer.py -> Using device: cpu

2025-05-18 05:12:27,203 INFO: model_trainer.py -> Epoch: 0 Completed. Average Loss: 2.3430484898757853
2025-05-18 05:33:03,781 INFO: model_trainer.py -> Epoch: 0 Validation Loss: 0.9881330553891705
2025-05-18 09:04:31,113 ERROR: model_trainer.py -> Error in training batch 12000:Error while serializing: IoError(Os { code: 28, kind: StorageFull, message: "No space left on device" })
2025-05-18 09:24:23,891 ERROR: model_trainer.py -> Error in training batch 13000:[Errno 28] No space left on device: 'models/checkpoints/checkpoint_epoch_1_batch_13000'
2025-05-18 09:46:48,584 ERROR: model_trainer.py -> Error in training batch 14000:Error while serializing: IoError(Os { code: 28, kind: StorageFull, message: "No space left on device" })
2025-05-18 10:07:46,076 ERROR: model_trainer.py -> Error in training batch 15000:Error while serializing: IoError(Os { code: 28, kind: StorageFull, message: "No space left on device" })
2025-05-18 10:28:36,649 ERROR: model_trainer.py -> Error in training batch 16000:[Errno 28] No space left on device: 'models/checkpoints/checkpoint_epoch_1_batch_16000'
2025-05-18 10:42:22,852 INFO: model_trainer.py -> Epoch: 1 Completed. Average Loss: 0.988959918816241
2025-05-18 11:05:04,171 INFO: model_trainer.py -> Epoch: 1 Validation Loss: 0.9472261502191471
2025-05-18 11:05:04,174 INFO: model_trainer.py -> Early stopping at epoch 1. No improvement for 1 consecutive epochs.
2025-05-18 11:05:04,906 ERROR: model_trainer.py -> Training failed: Error while serializing: IoError(Os { code: 28, kind: StorageFull, message: "No space left on device" })
2025-05-18 11:05:05,083 INFO: main.py -> Starting chatbot...
2025-05-18 11:05:05,105 ERROR: response_generator.py -> Failed to load Model or Tokenizer: Error while deserializing header: MetadataIncompleteBuffer
2025-05-18 11:13:17,699 INFO: main.py -> Starting chatbot...
2025-05-18 11:13:17,779 INFO: response_generator.py -> Model and Tokenizer load success.
2025-05-18 11:13:36,917 INFO: response_generator.py -> Model and Tokenizer load success.
2025-05-18 11:13:49,082 INFO: data_processor.py -> Loading data from /Users/bradychin/Projects/chatbot/src/../data/personachat_full.csv
2025-05-18 11:13:50,270 INFO: data_processor.py -> Created 83383 training examples.
2025-05-18 11:13:50,271 INFO: data_processor.py -> Created 83383 dialog paris.
2025-05-18 11:13:50,275 INFO: data_processor.py -> Training dataset: 66707 dialog pairs.
2025-05-18 11:13:50,275 INFO: data_processor.py -> Validation dataset: 16676 dialog pairs.

2025-05-18 11:13:51,388 INFO: model_trainer.py -> Using device: cpu

2025-05-18 11:14:19,222 INFO: data_processor.py -> Loading data from /Users/bradychin/Projects/chatbot/src/../data/personachat_full.csv
2025-05-18 11:14:20,414 INFO: data_processor.py -> Created 83383 training examples.
2025-05-18 11:14:20,415 INFO: data_processor.py -> Created 83383 dialog paris.
2025-05-18 11:14:20,418 INFO: data_processor.py -> Training dataset: 66707 dialog pairs.
2025-05-18 11:14:20,418 INFO: data_processor.py -> Validation dataset: 16676 dialog pairs.

2025-05-18 11:14:25,423 INFO: main.py -> Starting chatbot...
2025-05-18 11:14:25,487 INFO: response_generator.py -> Model and Tokenizer load success.
2025-05-18 11:15:38,394 INFO: data_processor.py -> Loading data from /Users/bradychin/Projects/chatbot/src/data/personachat_full.csv
2025-05-18 11:15:38,395 ERROR: data_processor.py -> File "/Users/bradychin/Projects/chatbot/src/data/personachat_full.csv" not found.
2025-05-18 11:16:08,731 INFO: data_processor.py -> Loading data from /Users/bradychin/Projects/chatbot/data/personachat_full.csv
2025-05-18 11:16:09,916 INFO: data_processor.py -> Created 83383 training examples.
2025-05-18 11:16:09,917 INFO: data_processor.py -> Created 83383 dialog paris.
2025-05-18 11:16:09,918 INFO: data_processor.py -> Training dataset: 66707 dialog pairs.
2025-05-18 11:16:09,919 INFO: data_processor.py -> Validation dataset: 16676 dialog pairs.

2025-05-18 11:16:10,984 INFO: model_trainer.py -> Using device: cpu

2025-05-18 11:18:47,106 INFO: main.py -> Starting chatbot...
2025-05-18 11:18:47,183 INFO: response_generator.py -> Model and Tokenizer load success.
2026-01-13 12:26:50,837 ERROR: main.py -> Model not found in /Users/bradychin/Projects/chatbot/models/best_model. Starting training...
2026-01-13 12:26:52,205 INFO: data_processor.py -> Loading data from /Users/bradychin/Projects/chatbot/data/personachat_full.csv
2026-01-13 12:26:52,964 INFO: data_processor.py -> Created 83383 training examples.
2026-01-13 12:26:52,964 INFO: data_processor.py -> Created 83383 dialog paris.
2026-01-13 12:26:52,965 INFO: data_processor.py -> Training dataset: 66707 dialog pairs.
2026-01-13 12:26:52,965 INFO: data_processor.py -> Validation dataset: 16676 dialog pairs.

2026-01-13 12:27:04,490 INFO: model_trainer.py -> Using device: cpu

